in_source: |
  .data:
      question: string 'What is your name?\0'
      pointer_q: num question
      hello: string 'Hello, \0'
      pointer_h: num hello
      mark: char '!'
      new_line: char '\n'
      one: num 1
      nul: char '\0'
      in_d: num 0
      out_d: num 1
      buf_address: num 1998
  .text:
      di
      print_q:
          load [pointer_q]
          cmp nul
          jz next1
          store [out_d]
          load pointer_q
          add one
          store pointer_q
          jmp print_q
      next1:
          load new_line
          store [out_d]
      input_name:
          ei
          di
          cmp nul
          jnz input_name
      print_hello:
          load [pointer_h]
          cmp nul
          jz print_name
          store [out_d]
          load pointer_h
          add one
          store pointer_h
          jmp print_hello
      print_name:
          load [buf_address]
          cmp nul
          jz print_mark
          store [out_d]
          load buf_address
          add one
          store buf_address
          jmp print_name
      print_mark:
          load mark
          store [out_d]
      exit:
          hlt
in_stdin:
- [1, h]
out_code: |-
  [
      {
          "opcode": "di",
          "arg": "None",
          "address_type": false
      },
      {
          "opcode": "load",
          "arg": "12",
          "address_type": true
      },
      {
          "opcode": "cmp",
          "arg": "14",
          "address_type": false
      },
      {
          "opcode": "jz",
          "arg": "9",
          "address_type": false
      },
      {
          "opcode": "store",
          "arg": "15",
          "address_type": true
      },
      {
          "opcode": "load",
          "arg": "12",
          "address_type": false
      },
      {
          "opcode": "add",
          "arg": "13",
          "address_type": false
      },
      {
          "opcode": "store",
          "arg": "12",
          "address_type": false
      },
      {
          "opcode": "jmp",
          "arg": "1",
          "address_type": false
      },
      {
          "opcode": "hlt",
          "arg": "None",
          "address_type": false
      }
  ]
out_data: |-
  [
      {
          "name": "h",
          "type": "char",
          "val": 104,
          "l2l": false
      },
      {
          "name": "e",
          "type": "char",
          "val": 101,
          "l2l": false
      },
      {
          "name": "l",
          "type": "char",
          "val": 108,
          "l2l": false
      },
      {
          "name": "l",
          "type": "char",
          "val": 108,
          "l2l": false
      },
      {
          "name": "o",
          "type": "char",
          "val": 111,
          "l2l": false
      },
      {
          "name": " ",
          "type": "char",
          "val": 32,
          "l2l": false
      },
      {
          "name": "w",
          "type": "char",
          "val": 119,
          "l2l": false
      },
      {
          "name": "o",
          "type": "char",
          "val": 111,
          "l2l": false
      },
      {
          "name": "r",
          "type": "char",
          "val": 114,
          "l2l": false
      },
      {
          "name": "l",
          "type": "char",
          "val": 108,
          "l2l": false
      },
      {
          "name": "d",
          "type": "char",
          "val": 100,
          "l2l": false
      },
      {
          "name": "\u0000",
          "type": "char",
          "val": 0,
          "l2l": false
      },
      {
          "name": "pointer",
          "type": "num",
          "val": "0",
          "l2l": true
      },
      {
          "name": "one",
          "type": "num",
          "val": "1",
          "l2l": false
      },
      {
          "name": "nul",
          "type": "char",
          "val": 0,
          "l2l": false
      },
      {
          "name": "out_d",
          "type": "num",
          "val": "1",
          "l2l": false
      }
  ]
out_stdout: |
  ============================================================
  h e l l o   w o r l d
out_log: |
  machine DEBUG tick:0 pc:9 ar:0 acc:0 ei:True interrupt:False 	Opcode:di Arg:None Mem[arg]:None
  machine DEBUG tick:4 pc:10 ar:0 acc:0 ei:False interrupt:False 	Opcode:load Arg:18 Mem[arg]:{'name': 'pointer', 'type': <DataType.num: 'num'>, 'val': 6, 'l2l': True}
  machine DEBUG tick:9 pc:11 ar:6 acc:104 ei:False interrupt:True 	Opcode:cmp Arg:20 Mem[arg]:{'name': 'nul', 'type': <DataType.char: 'char'>, 'val': 0, 'l2l': False}
  machine DEBUG tick:14 pc:12 ar:20 acc:104 ei:False interrupt:True 	Opcode:jz Arg:18 Mem[arg]:{'name': 'pointer', 'type': <DataType.num: 'num'>, 'val': 6, 'l2l': True}
  machine DEBUG tick:18 pc:13 ar:20 acc:104 ei:False interrupt:True 	Opcode:store Arg:21 Mem[arg]:{'name': 'out_d', 'type': <DataType.num: 'num'>, 'val': '1', 'l2l': False}
  machine DEBUG CHAR_OUT: h
  machine DEBUG tick:23 pc:14 ar:1 acc:104 ei:False interrupt:True 	Opcode:load Arg:18 Mem[arg]:{'name': 'pointer', 'type': <DataType.num: 'num'>, 'val': 6, 'l2l': True}
  machine DEBUG tick:27 pc:15 ar:18 acc:6 ei:False interrupt:True 	Opcode:add Arg:19 Mem[arg]:{'name': 'one', 'type': <DataType.num: 'num'>, 'val': '1', 'l2l': False}
  machine DEBUG tick:32 pc:16 ar:19 acc:7 ei:False interrupt:True 	Opcode:store Arg:18 Mem[arg]:{'name': 'pointer', 'type': <DataType.num: 'num'>, 'val': 6, 'l2l': True}
  machine DEBUG tick:36 pc:17 ar:18 acc:7 ei:False interrupt:True 	Opcode:jmp Arg:10 Mem[arg]:{'name': 'o', 'type': <DataType.char: 'char'>, 'val': 111, 'l2l': False}
  machine DEBUG tick:39 pc:10 ar:18 acc:7 ei:False interrupt:True 	Opcode:load Arg:18 Mem[arg]:{'name': 'Opcode.add operation res', 'type': <DataType.num: 'num'>, 'val': '7'}
  machine DEBUG tick:44 pc:11 ar:7 acc:101 ei:False interrupt:True 	Opcode:cmp Arg:20 Mem[arg]:{'name': 'nul', 'type': <DataType.char: 'char'>, 'val': 0, 'l2l': False}
  machine DEBUG tick:49 pc:12 ar:20 acc:101 ei:False interrupt:True 	Opcode:jz Arg:18 Mem[arg]:{'name': 'Opcode.add operation res', 'type': <DataType.num: 'num'>, 'val': '7'}
  machine DEBUG tick:53 pc:13 ar:20 acc:101 ei:False interrupt:True 	Opcode:store Arg:21 Mem[arg]:{'name': 'out_d', 'type': <DataType.num: 'num'>, 'val': '1', 'l2l': False}
  machine DEBUG CHAR_OUT: e
  machine DEBUG tick:58 pc:14 ar:1 acc:101 ei:False interrupt:True 	Opcode:load Arg:18 Mem[arg]:{'name': 'Opcode.add operation res', 'type': <DataType.num: 'num'>, 'val': '7'}
  machine DEBUG tick:62 pc:15 ar:18 acc:7 ei:False interrupt:True 	Opcode:add Arg:19 Mem[arg]:{'name': 'one', 'type': <DataType.num: 'num'>, 'val': '1', 'l2l': False}
  machine DEBUG tick:67 pc:16 ar:19 acc:8 ei:False interrupt:True 	Opcode:store Arg:18 Mem[arg]:{'name': 'Opcode.add operation res', 'type': <DataType.num: 'num'>, 'val': '7'}
  machine DEBUG tick:71 pc:17 ar:18 acc:8 ei:False interrupt:True 	Opcode:jmp Arg:10 Mem[arg]:{'name': 'o', 'type': <DataType.char: 'char'>, 'val': 111, 'l2l': False}
  machine DEBUG tick:74 pc:10 ar:18 acc:8 ei:False interrupt:True 	Opcode:load Arg:18 Mem[arg]:{'name': 'Opcode.add operation res', 'type': <DataType.num: 'num'>, 'val': '8'}
  machine DEBUG tick:79 pc:11 ar:8 acc:108 ei:False interrupt:True 	Opcode:cmp Arg:20 Mem[arg]:{'name': 'nul', 'type': <DataType.char: 'char'>, 'val': 0, 'l2l': False}
  machine DEBUG tick:84 pc:12 ar:20 acc:108 ei:False interrupt:True 	Opcode:jz Arg:18 Mem[arg]:{'name': 'Opcode.add operation res', 'type': <DataType.num: 'num'>, 'val': '8'}
  machine DEBUG tick:88 pc:13 ar:20 acc:108 ei:False interrupt:True 	Opcode:store Arg:21 Mem[arg]:{'name': 'out_d', 'type': <DataType.num: 'num'>, 'val': '1', 'l2l': False}
  machine DEBUG CHAR_OUT: l
  machine DEBUG tick:93 pc:14 ar:1 acc:108 ei:False interrupt:True 	Opcode:load Arg:18 Mem[arg]:{'name': 'Opcode.add operation res', 'type': <DataType.num: 'num'>, 'val': '8'}
  machine DEBUG tick:97 pc:15 ar:18 acc:8 ei:False interrupt:True 	Opcode:add Arg:19 Mem[arg]:{'name': 'one', 'type': <DataType.num: 'num'>, 'val': '1', 'l2l': False}
  machine DEBUG tick:102 pc:16 ar:19 acc:9 ei:False interrupt:True 	Opcode:store Arg:18 Mem[arg]:{'name': 'Opcode.add operation res', 'type': <DataType.num: 'num'>, 'val': '8'}
  machine DEBUG tick:106 pc:17 ar:18 acc:9 ei:False interrupt:True 	Opcode:jmp Arg:10 Mem[arg]:{'name': 'o', 'type': <DataType.char: 'char'>, 'val': 111, 'l2l': False}
  machine DEBUG tick:109 pc:10 ar:18 acc:9 ei:False interrupt:True 	Opcode:load Arg:18 Mem[arg]:{'name': 'Opcode.add operation res', 'type': <DataType.num: 'num'>, 'val': '9'}
  machine DEBUG tick:114 pc:11 ar:9 acc:108 ei:False interrupt:True 	Opcode:cmp Arg:20 Mem[arg]:{'name': 'nul', 'type': <DataType.char: 'char'>, 'val': 0, 'l2l': False}
  machine DEBUG tick:119 pc:12 ar:20 acc:108 ei:False interrupt:True 	Opcode:jz Arg:18 Mem[arg]:{'name': 'Opcode.add operation res', 'type': <DataType.num: 'num'>, 'val': '9'}
  machine DEBUG tick:123 pc:13 ar:20 acc:108 ei:False interrupt:True 	Opcode:store Arg:21 Mem[arg]:{'name': 'out_d', 'type': <DataType.num: 'num'>, 'val': '1', 'l2l': False}
  machine DEBUG CHAR_OUT: l
  machine DEBUG tick:128 pc:14 ar:1 acc:108 ei:False interrupt:True 	Opcode:load Arg:18 Mem[arg]:{'name': 'Opcode.add operation res', 'type': <DataType.num: 'num'>, 'val': '9'}
  machine DEBUG tick:132 pc:15 ar:18 acc:9 ei:False interrupt:True 	Opcode:add Arg:19 Mem[arg]:{'name': 'one', 'type': <DataType.num: 'num'>, 'val': '1', 'l2l': False}
  machine DEBUG tick:137 pc:16 ar:19 acc:10 ei:False interrupt:True 	Opcode:store Arg:18 Mem[arg]:{'name': 'Opcode.add operation res', 'type': <DataType.num: 'num'>, 'val': '9'}
  machine DEBUG tick:141 pc:17 ar:18 acc:10 ei:False interrupt:True 	Opcode:jmp Arg:10 Mem[arg]:{'name': 'o', 'type': <DataType.char: 'char'>, 'val': 111, 'l2l': False}
  machine DEBUG tick:144 pc:10 ar:18 acc:10 ei:False interrupt:True 	Opcode:load Arg:18 Mem[arg]:{'name': 'Opcode.add operation res', 'type': <DataType.num: 'num'>, 'val': '10'}
  machine DEBUG tick:149 pc:11 ar:10 acc:111 ei:False interrupt:True 	Opcode:cmp Arg:20 Mem[arg]:{'name': 'nul', 'type': <DataType.char: 'char'>, 'val': 0, 'l2l': False}
  machine DEBUG tick:154 pc:12 ar:20 acc:111 ei:False interrupt:True 	Opcode:jz Arg:18 Mem[arg]:{'name': 'Opcode.add operation res', 'type': <DataType.num: 'num'>, 'val': '10'}
  machine DEBUG tick:158 pc:13 ar:20 acc:111 ei:False interrupt:True 	Opcode:store Arg:21 Mem[arg]:{'name': 'out_d', 'type': <DataType.num: 'num'>, 'val': '1', 'l2l': False}
  machine DEBUG CHAR_OUT: o
  machine DEBUG tick:163 pc:14 ar:1 acc:111 ei:False interrupt:True 	Opcode:load Arg:18 Mem[arg]:{'name': 'Opcode.add operation res', 'type': <DataType.num: 'num'>, 'val': '10'}
  machine DEBUG tick:167 pc:15 ar:18 acc:10 ei:False interrupt:True 	Opcode:add Arg:19 Mem[arg]:{'name': 'one', 'type': <DataType.num: 'num'>, 'val': '1', 'l2l': False}
  machine DEBUG tick:172 pc:16 ar:19 acc:11 ei:False interrupt:True 	Opcode:store Arg:18 Mem[arg]:{'name': 'Opcode.add operation res', 'type': <DataType.num: 'num'>, 'val': '10'}
  machine DEBUG tick:176 pc:17 ar:18 acc:11 ei:False interrupt:True 	Opcode:jmp Arg:10 Mem[arg]:{'name': 'o', 'type': <DataType.char: 'char'>, 'val': 111, 'l2l': False}
  machine DEBUG tick:179 pc:10 ar:18 acc:11 ei:False interrupt:True 	Opcode:load Arg:18 Mem[arg]:{'name': 'Opcode.add operation res', 'type': <DataType.num: 'num'>, 'val': '11'}
  machine DEBUG tick:184 pc:11 ar:11 acc:32 ei:False interrupt:True 	Opcode:cmp Arg:20 Mem[arg]:{'name': 'nul', 'type': <DataType.char: 'char'>, 'val': 0, 'l2l': False}
  machine DEBUG tick:189 pc:12 ar:20 acc:32 ei:False interrupt:True 	Opcode:jz Arg:18 Mem[arg]:{'name': 'Opcode.add operation res', 'type': <DataType.num: 'num'>, 'val': '11'}
  machine DEBUG tick:193 pc:13 ar:20 acc:32 ei:False interrupt:True 	Opcode:store Arg:21 Mem[arg]:{'name': 'out_d', 'type': <DataType.num: 'num'>, 'val': '1', 'l2l': False}
  machine DEBUG CHAR_OUT:  
  machine DEBUG tick:198 pc:14 ar:1 acc:32 ei:False interrupt:True 	Opcode:load Arg:18 Mem[arg]:{'name': 'Opcode.add operation res', 'type': <DataType.num: 'num'>, 'val': '11'}
  machine DEBUG tick:202 pc:15 ar:18 acc:11 ei:False interrupt:True 	Opcode:add Arg:19 Mem[arg]:{'name': 'one', 'type': <DataType.num: 'num'>, 'val': '1', 'l2l': False}
  machine DEBUG tick:207 pc:16 ar:19 acc:12 ei:False interrupt:True 	Opcode:store Arg:18 Mem[arg]:{'name': 'Opcode.add operation res', 'type': <DataType.num: 'num'>, 'val': '11'}
  machine DEBUG tick:211 pc:17 ar:18 acc:12 ei:False interrupt:True 	Opcode:jmp Arg:10 Mem[arg]:{'name': 'o', 'type': <DataType.char: 'char'>, 'val': 111, 'l2l': False}
  machine DEBUG tick:214 pc:10 ar:18 acc:12 ei:False interrupt:True 	Opcode:load Arg:18 Mem[arg]:{'name': 'Opcode.add operation res', 'type': <DataType.num: 'num'>, 'val': '12'}
  machine DEBUG tick:219 pc:11 ar:12 acc:119 ei:False interrupt:True 	Opcode:cmp Arg:20 Mem[arg]:{'name': 'nul', 'type': <DataType.char: 'char'>, 'val': 0, 'l2l': False}
  machine DEBUG tick:224 pc:12 ar:20 acc:119 ei:False interrupt:True 	Opcode:jz Arg:18 Mem[arg]:{'name': 'Opcode.add operation res', 'type': <DataType.num: 'num'>, 'val': '12'}
  machine DEBUG tick:228 pc:13 ar:20 acc:119 ei:False interrupt:True 	Opcode:store Arg:21 Mem[arg]:{'name': 'out_d', 'type': <DataType.num: 'num'>, 'val': '1', 'l2l': False}
  machine DEBUG CHAR_OUT: w
  machine DEBUG tick:233 pc:14 ar:1 acc:119 ei:False interrupt:True 	Opcode:load Arg:18 Mem[arg]:{'name': 'Opcode.add operation res', 'type': <DataType.num: 'num'>, 'val': '12'}
  machine DEBUG tick:237 pc:15 ar:18 acc:12 ei:False interrupt:True 	Opcode:add Arg:19 Mem[arg]:{'name': 'one', 'type': <DataType.num: 'num'>, 'val': '1', 'l2l': False}
  machine DEBUG tick:242 pc:16 ar:19 acc:13 ei:False interrupt:True 	Opcode:store Arg:18 Mem[arg]:{'name': 'Opcode.add operation res', 'type': <DataType.num: 'num'>, 'val': '12'}
  machine DEBUG tick:246 pc:17 ar:18 acc:13 ei:False interrupt:True 	Opcode:jmp Arg:10 Mem[arg]:{'name': 'o', 'type': <DataType.char: 'char'>, 'val': 111, 'l2l': False}
  machine DEBUG tick:249 pc:10 ar:18 acc:13 ei:False interrupt:True 	Opcode:load Arg:18 Mem[arg]:{'name': 'Opcode.add operation res', 'type': <DataType.num: 'num'>, 'val': '13'}
  machine DEBUG tick:254 pc:11 ar:13 acc:111 ei:False interrupt:True 	Opcode:cmp Arg:20 Mem[arg]:{'name': 'nul', 'type': <DataType.char: 'char'>, 'val': 0, 'l2l': False}
  machine DEBUG tick:259 pc:12 ar:20 acc:111 ei:False interrupt:True 	Opcode:jz Arg:18 Mem[arg]:{'name': 'Opcode.add operation res', 'type': <DataType.num: 'num'>, 'val': '13'}
  machine DEBUG tick:263 pc:13 ar:20 acc:111 ei:False interrupt:True 	Opcode:store Arg:21 Mem[arg]:{'name': 'out_d', 'type': <DataType.num: 'num'>, 'val': '1', 'l2l': False}
  machine DEBUG CHAR_OUT: o
  machine DEBUG tick:268 pc:14 ar:1 acc:111 ei:False interrupt:True 	Opcode:load Arg:18 Mem[arg]:{'name': 'Opcode.add operation res', 'type': <DataType.num: 'num'>, 'val': '13'}
  machine DEBUG tick:272 pc:15 ar:18 acc:13 ei:False interrupt:True 	Opcode:add Arg:19 Mem[arg]:{'name': 'one', 'type': <DataType.num: 'num'>, 'val': '1', 'l2l': False}
  machine DEBUG tick:277 pc:16 ar:19 acc:14 ei:False interrupt:True 	Opcode:store Arg:18 Mem[arg]:{'name': 'Opcode.add operation res', 'type': <DataType.num: 'num'>, 'val': '13'}
  machine DEBUG tick:281 pc:17 ar:18 acc:14 ei:False interrupt:True 	Opcode:jmp Arg:10 Mem[arg]:{'name': 'o', 'type': <DataType.char: 'char'>, 'val': 111, 'l2l': False}
  machine DEBUG tick:284 pc:10 ar:18 acc:14 ei:False interrupt:True 	Opcode:load Arg:18 Mem[arg]:{'name': 'Opcode.add operation res', 'type': <DataType.num: 'num'>, 'val': '14'}
  machine DEBUG tick:289 pc:11 ar:14 acc:114 ei:False interrupt:True 	Opcode:cmp Arg:20 Mem[arg]:{'name': 'nul', 'type': <DataType.char: 'char'>, 'val': 0, 'l2l': False}
  machine DEBUG tick:294 pc:12 ar:20 acc:114 ei:False interrupt:True 	Opcode:jz Arg:18 Mem[arg]:{'name': 'Opcode.add operation res', 'type': <DataType.num: 'num'>, 'val': '14'}
  machine DEBUG tick:298 pc:13 ar:20 acc:114 ei:False interrupt:True 	Opcode:store Arg:21 Mem[arg]:{'name': 'out_d', 'type': <DataType.num: 'num'>, 'val': '1', 'l2l': False}
  machine DEBUG CHAR_OUT: r
  machine DEBUG tick:303 pc:14 ar:1 acc:114 ei:False interrupt:True 	Opcode:load Arg:18 Mem[arg]:{'name': 'Opcode.add operation res', 'type': <DataType.num: 'num'>, 'val': '14'}
  machine DEBUG tick:307 pc:15 ar:18 acc:14 ei:False interrupt:True 	Opcode:add Arg:19 Mem[arg]:{'name': 'one', 'type': <DataType.num: 'num'>, 'val': '1', 'l2l': False}
  machine DEBUG tick:312 pc:16 ar:19 acc:15 ei:False interrupt:True 	Opcode:store Arg:18 Mem[arg]:{'name': 'Opcode.add operation res', 'type': <DataType.num: 'num'>, 'val': '14'}
  machine DEBUG tick:316 pc:17 ar:18 acc:15 ei:False interrupt:True 	Opcode:jmp Arg:10 Mem[arg]:{'name': 'o', 'type': <DataType.char: 'char'>, 'val': 111, 'l2l': False}
  machine DEBUG tick:319 pc:10 ar:18 acc:15 ei:False interrupt:True 	Opcode:load Arg:18 Mem[arg]:{'name': 'Opcode.add operation res', 'type': <DataType.num: 'num'>, 'val': '15'}
  machine DEBUG tick:324 pc:11 ar:15 acc:108 ei:False interrupt:True 	Opcode:cmp Arg:20 Mem[arg]:{'name': 'nul', 'type': <DataType.char: 'char'>, 'val': 0, 'l2l': False}
  machine DEBUG tick:329 pc:12 ar:20 acc:108 ei:False interrupt:True 	Opcode:jz Arg:18 Mem[arg]:{'name': 'Opcode.add operation res', 'type': <DataType.num: 'num'>, 'val': '15'}
  machine DEBUG tick:333 pc:13 ar:20 acc:108 ei:False interrupt:True 	Opcode:store Arg:21 Mem[arg]:{'name': 'out_d', 'type': <DataType.num: 'num'>, 'val': '1', 'l2l': False}
  machine DEBUG CHAR_OUT: l
  machine DEBUG tick:338 pc:14 ar:1 acc:108 ei:False interrupt:True 	Opcode:load Arg:18 Mem[arg]:{'name': 'Opcode.add operation res', 'type': <DataType.num: 'num'>, 'val': '15'}
  machine DEBUG tick:342 pc:15 ar:18 acc:15 ei:False interrupt:True 	Opcode:add Arg:19 Mem[arg]:{'name': 'one', 'type': <DataType.num: 'num'>, 'val': '1', 'l2l': False}
  machine DEBUG tick:347 pc:16 ar:19 acc:16 ei:False interrupt:True 	Opcode:store Arg:18 Mem[arg]:{'name': 'Opcode.add operation res', 'type': <DataType.num: 'num'>, 'val': '15'}
  machine DEBUG tick:351 pc:17 ar:18 acc:16 ei:False interrupt:True 	Opcode:jmp Arg:10 Mem[arg]:{'name': 'o', 'type': <DataType.char: 'char'>, 'val': 111, 'l2l': False}
  machine DEBUG tick:354 pc:10 ar:18 acc:16 ei:False interrupt:True 	Opcode:load Arg:18 Mem[arg]:{'name': 'Opcode.add operation res', 'type': <DataType.num: 'num'>, 'val': '16'}
  machine DEBUG tick:359 pc:11 ar:16 acc:100 ei:False interrupt:True 	Opcode:cmp Arg:20 Mem[arg]:{'name': 'nul', 'type': <DataType.char: 'char'>, 'val': 0, 'l2l': False}
  machine DEBUG tick:364 pc:12 ar:20 acc:100 ei:False interrupt:True 	Opcode:jz Arg:18 Mem[arg]:{'name': 'Opcode.add operation res', 'type': <DataType.num: 'num'>, 'val': '16'}
  machine DEBUG tick:368 pc:13 ar:20 acc:100 ei:False interrupt:True 	Opcode:store Arg:21 Mem[arg]:{'name': 'out_d', 'type': <DataType.num: 'num'>, 'val': '1', 'l2l': False}
  machine DEBUG CHAR_OUT: d
  machine DEBUG tick:373 pc:14 ar:1 acc:100 ei:False interrupt:True 	Opcode:load Arg:18 Mem[arg]:{'name': 'Opcode.add operation res', 'type': <DataType.num: 'num'>, 'val': '16'}
  machine DEBUG tick:377 pc:15 ar:18 acc:16 ei:False interrupt:True 	Opcode:add Arg:19 Mem[arg]:{'name': 'one', 'type': <DataType.num: 'num'>, 'val': '1', 'l2l': False}
  machine DEBUG tick:382 pc:16 ar:19 acc:17 ei:False interrupt:True 	Opcode:store Arg:18 Mem[arg]:{'name': 'Opcode.add operation res', 'type': <DataType.num: 'num'>, 'val': '16'}
  machine DEBUG tick:386 pc:17 ar:18 acc:17 ei:False interrupt:True 	Opcode:jmp Arg:10 Mem[arg]:{'name': 'o', 'type': <DataType.char: 'char'>, 'val': 111, 'l2l': False}
  machine DEBUG tick:389 pc:10 ar:18 acc:17 ei:False interrupt:True 	Opcode:load Arg:18 Mem[arg]:{'name': 'Opcode.add operation res', 'type': <DataType.num: 'num'>, 'val': '17'}
  machine DEBUG tick:394 pc:11 ar:17 acc:0 ei:False interrupt:True 	Opcode:cmp Arg:20 Mem[arg]:{'name': 'nul', 'type': <DataType.char: 'char'>, 'val': 0, 'l2l': False}
  machine DEBUG tick:399 pc:12 ar:20 acc:0 ei:False interrupt:True 	Opcode:jz Arg:18 Mem[arg]:{'name': 'Opcode.add operation res', 'type': <DataType.num: 'num'>, 'val': '17'}
  machine DEBUG tick:403 pc:18 ar:20 acc:0 ei:False interrupt:True 	Opcode:hlt Arg:None Mem[arg]:None
  machine ERROR Simulation stopted by HLT command Total ticks: 405
